set extra_float_digits = -1;
set default_table_access_method=ao_column;
set vector.enable_vectorization = on;
ANALYZE;
explain (costs off) select
	l_returnflag,
	l_linestatus,
	sum(l_quantity) as sum_qty,
	sum(l_extendedprice) as sum_base_price,
	sum(l_extendedprice * (1 - l_discount)) as sum_disc_price,
	sum(l_extendedprice * (1 - l_discount) * (1 + l_tax)) as sum_charge,
	avg(l_quantity) as avg_qty,
	avg(l_extendedprice) as avg_price,
	avg(l_discount) as avg_disc,
	count(*) as count_order
from
	lineitem
where
	l_shipdate <= date '1998-12-01' - interval '106 day'
group by
	l_returnflag,
	l_linestatus
order by
	l_returnflag,
	l_linestatus;	
                                                   QUERY PLAN                                                    
-----------------------------------------------------------------------------------------------------------------
 Vec Gather Motion 3:1  (slice1; segments: 3)
   Merge Key: l_returnflag, l_linestatus
   ->  Vec Finalize Vec GroupAggregate
         Group Key: l_returnflag, l_linestatus
         ->  Vec Sort
               Sort Key: l_returnflag, l_linestatus
               ->  Vec Redistribute Motion 3:3  (slice2; segments: 3)
                     Hash Key: l_returnflag, l_linestatus
                     ->  Vec Streaming Vec Partial Vec HashAggregate
                           Group Key: l_returnflag, l_linestatus
                           ->  Vec Seq Scan on lineitem
                                 Filter: (l_shipdate <= 'Mon Aug 17 00:00:00 1998'::timestamp without time zone)
 Optimizer: Pivotal Optimizer (GPORCA)
(13 rows)

select
	l_returnflag,
	l_linestatus,
	sum(l_quantity) as sum_qty,
	sum(l_extendedprice) as sum_base_price,
	sum(l_extendedprice * (1 - l_discount)) as sum_disc_price,
	sum(l_extendedprice * (1 - l_discount) * (1 + l_tax)) as sum_charge,
	avg(l_quantity) as avg_qty,
	avg(l_extendedprice) as avg_price,
	avg(l_discount) as avg_disc,
	count(*) as count_order
from
	lineitem
where
	l_shipdate <= date '1998-12-01' - interval '106 day'
group by
	l_returnflag,
	l_linestatus
order by
	l_returnflag,
	l_linestatus;	
 l_returnflag | l_linestatus |  sum_qty  | sum_base_price | sum_disc_price |    sum_charge     |       avg_qty       |     avg_price      |        avg_disc        | count_order 
--------------+--------------+-----------+----------------+----------------+-------------------+---------------------+--------------------+------------------------+-------------
 A            | F            | 380456.00 |   532348211.65 | 505822441.4861 |  526165934.000839 | 25.5751546114546921 | 35785.709306937349 | 0.05008133906964237698 |       14876
 N            | F            |   8971.00 |    12384801.37 |  11798257.2080 |   12282485.056933 | 25.7787356321839080 | 35588.509683908046 | 0.04775862068965517241 |         348
 N            | O            | 734559.00 |  1030052646.95 | 978881360.2469 | 1018119579.243081 | 25.4472043234254833 | 35683.941209381279 | 0.04990958220744128040 |       28866
 R            | F            | 381449.00 |   534594445.35 | 507996454.4067 |  528524219.358903 | 25.5971681653469333 | 35874.006532680177 | 0.04982753992752650651 |       14902
(4 rows)

