-- set on vectorization
SET vector.enable_vectorization=on;
SET vector.max_batch_size=128;
-- query 1 - 10
SELECT count() FROM hits;
 count 
-------
     0
(1 row)

SELECT count() FROM hits WHERE AdvEngineID != 0::smallint;
 count 
-------
     0
(1 row)

SELECT sum(AdvEngineID), count() FROM hits;
 sum | count 
-----+-------
     |     0
(1 row)

SELECT sum(UserID) FROM hits;
 sum 
-----
    
(1 row)

SELECT count(distinct UserID) FROM hits;
 count 
-------
     0
(1 row)

SELECT count(distinct SearchPhrase) FROM hits;
 count 
-------
     0
(1 row)

-- SELECT min(EventDate), max(EventDate) FROM hits;
SELECT AdvEngineID, count() FROM hits WHERE AdvEngineID != 0::smallint GROUP BY AdvEngineID ORDER BY count();
 advengineid | count 
-------------+-------
(0 rows)

SELECT RegionID, count(distinct UserID) AS u FROM hits GROUP BY RegionID ORDER BY regionid, u LIMIT 10;
 regionid | u 
----------+---
(0 rows)

SELECT RegionID, sum(AdvEngineID), count() AS c, count(distinct UserID) FROM hits GROUP BY RegionID ORDER BY regionid, c LIMIT 10;
 regionid | sum | c | count 
----------+-----+---+-------
(0 rows)

