-- test heap table sequence 
-- create table
CREATE TABLE IF NOT EXISTS t1 (a INT, b BIGINT, c SMALLINT) WITH(APPENDONLY=true, ORIENTATION=column) DISTRIBUTED BY(a);
CREATE TABLE IF NOT EXISTS t2 (a INT, b BIGINT, c SMALLINT) WITH(APPENDONLY=true, ORIENTATION=column) DISTRIBUTED RANDOMLY;
CREATE TABLE IF NOT EXISTS t3 (a INT, b BIGINT, c SMALLINT) WITH(APPENDONLY=true, ORIENTATION=column) DISTRIBUTED REPLICATED;
-- SET VECTORIZATION ON
SET vector.enable_vectorization=ON;
-- empty data query
SELECT * FROM t1;
 a | b | c 
---+---+---
(0 rows)

SELECT a FROM t1;
 a 
---
(0 rows)

SELECT b FROM t1;
 b 
---
(0 rows)

SELECT c FROM t1;
 c 
---
(0 rows)

SELECT * FROM t2;
 a | b | c 
---+---+---
(0 rows)

SELECT a FROM t2;
 a 
---
(0 rows)

SELECT b FROM t2;
 b 
---
(0 rows)

SELECT c FROM t2;
 c 
---
(0 rows)

SELECT * FROM t3;
 a | b | c 
---+---+---
(0 rows)

SELECT a FROM t3;
 a 
---
(0 rows)

SELECT b FROM t3;
 b 
---
(0 rows)

SELECT c FROM t3;
 c 
---
(0 rows)

SELECT * FROM t1 WHERE a=1;
 a | b | c 
---+---+---
(0 rows)

SELECT a FROM t1 WHERE a=1;
 a 
---
(0 rows)

SELECT b FROM t1 WHERE a=1;
 b 
---
(0 rows)

SELECT c FROM t1 WHERE a=1;
 c 
---
(0 rows)

SELECT * FROM t2 WHERE a=1;
 a | b | c 
---+---+---
(0 rows)

SELECT a FROM t2 WHERE a=1;
 a 
---
(0 rows)

SELECT b FROM t2 WHERE a=1;
 b 
---
(0 rows)

SELECT c FROM t2 WHERE a=1;
 c 
---
(0 rows)

SELECT * FROM t3 WHERE a=1;
 a | b | c 
---+---+---
(0 rows)

SELECT a FROM t3 WHERE a=1;
 a 
---
(0 rows)

SELECT b FROM t3 WHERE a=1;
 b 
---
(0 rows)

SELECT c FROM t3 WHERE a=1;
 c 
---
(0 rows)

SELECT * FROM t1 WHERE a!=1;
 a | b | c 
---+---+---
(0 rows)

SELECT a FROM t1 WHERE a!=1;
 a 
---
(0 rows)

SELECT b FROM t1 WHERE a!=1;
 b 
---
(0 rows)

SELECT c FROM t1 WHERE a!=1;
 c 
---
(0 rows)

SELECT * FROM t2 WHERE a!=1;
 a | b | c 
---+---+---
(0 rows)

SELECT a FROM t2 WHERE a!=1;
 a 
---
(0 rows)

SELECT b FROM t2 WHERE a!=1;
 b 
---
(0 rows)

SELECT c FROM t1 WHERE a!=1;
 c 
---
(0 rows)

SELECT * FROM t3 WHERE a!=1;
 a | b | c 
---+---+---
(0 rows)

SELECT a FROM t3 WHERE a!=1;
 a 
---
(0 rows)

SELECT b FROM t3 WHERE a!=1;
 b 
---
(0 rows)

SELECT c FROM t1 WHERE a!=1;
 c 
---
(0 rows)

SELECT * FROM t1 WHERE a>1;
 a | b | c 
---+---+---
(0 rows)

SELECT a FROM t1 WHERE a>1;
 a 
---
(0 rows)

SELECT b FROM t1 WHERE a>1;
 b 
---
(0 rows)

SELECT c FROM t1 WHERE a>1;
 c 
---
(0 rows)

SELECT * FROM t2 WHERE a>1;
 a | b | c 
---+---+---
(0 rows)

SELECT a FROM t2 WHERE a>1;
 a 
---
(0 rows)

SELECT b FROM t2 WHERE a>1;
 b 
---
(0 rows)

SELECT c FROM t2 WHERE a>1;
 c 
---
(0 rows)

SELECT * FROM t3 WHERE a>1;
 a | b | c 
---+---+---
(0 rows)

SELECT a FROM t3 WHERE a>1;
 a 
---
(0 rows)

SELECT b FROM t3 WHERE a>1;
 b 
---
(0 rows)

SELECT c FROM t3 WHERE a>1;
 c 
---
(0 rows)

SELECT * FROM t1 WHERE a<1;
 a | b | c 
---+---+---
(0 rows)

SELECT a FROM t1 WHERE a<1;
 a 
---
(0 rows)

SELECT b FROM t1 WHERE a<1;
 b 
---
(0 rows)

SELECT c FROM t1 WHERE a<1;
 c 
---
(0 rows)

SELECT * FROM t2 WHERE a<1;
 a | b | c 
---+---+---
(0 rows)

SELECT a FROM t2 WHERE a<1;
 a 
---
(0 rows)

SELECT b FROM t2 WHERE a<1;
 b 
---
(0 rows)

SELECT c FROM t2 WHERE a<1;
 c 
---
(0 rows)

SELECT * FROM t3 WHERE a<1;
 a | b | c 
---+---+---
(0 rows)

SELECT a FROM t3 WHERE a<1;
 a 
---
(0 rows)

SELECT b FROM t3 WHERE a<1;
 b 
---
(0 rows)

SELECT c FROM t3 WHERE a<1;
 c 
---
(0 rows)

SELECT * FROM t1 WHERE a>=1;
 a | b | c 
---+---+---
(0 rows)

SELECT a FROM t1 WHERE a>=1;
 a 
---
(0 rows)

SELECT b FROM t1 WHERE a>=1;
 b 
---
(0 rows)

SELECT c FROM t1 WHERE a>=1;
 c 
---
(0 rows)

SELECT * FROM t2 WHERE a>=1;
 a | b | c 
---+---+---
(0 rows)

SELECT a FROM t2 WHERE a>=1;
 a 
---
(0 rows)

SELECT b FROM t2 WHERE a>=1;
 b 
---
(0 rows)

SELECT c FROM t2 WHERE a>=1;
 c 
---
(0 rows)

SELECT * FROM t3 WHERE a>=1;
 a | b | c 
---+---+---
(0 rows)

SELECT a FROM t3 WHERE a>=1;
 a 
---
(0 rows)

SELECT b FROM t3 WHERE a>=1;
 b 
---
(0 rows)

SELECT c FROM t3 WHERE a>=1;
 c 
---
(0 rows)

SELECT * FROM t1 WHERE a<=1;
 a | b | c 
---+---+---
(0 rows)

SELECT a FROM t1 WHERE a<=1;
 a 
---
(0 rows)

SELECT b FROM t1 WHERE a<=1;
 b 
---
(0 rows)

SELECT c FROM t1 WHERE a<=1;
 c 
---
(0 rows)

SELECT * FROM t2 WHERE a<=1;
 a | b | c 
---+---+---
(0 rows)

SELECT a FROM t2 WHERE a<=1;
 a 
---
(0 rows)

SELECT b FROM t2 WHERE a<=1;
 b 
---
(0 rows)

SELECT c FROM t2 WHERE a<=1;
 c 
---
(0 rows)

SELECT * FROM t3 WHERE a<=1;
 a | b | c 
---+---+---
(0 rows)

SELECT a FROM t3 WHERE a<=1;
 a 
---
(0 rows)

SELECT b FROM t3 WHERE a<=1;
 b 
---
(0 rows)

SELECT c FROM t3 WHERE a<=1;
 c 
---
(0 rows)

-- SELECT * FROM t1 WHERE a=1 AND a=2;
-- SELECT a FROM t1 WHERE a=1 AND a=2;
-- SELECT b FROM t1 WHERE a=1 AND a=2;
-- SELECT c FROM t1 WHERE a=1 AND a=2;
-- SELECT * FROM t2 WHERE a=1 AND a=2;
-- SELECT a FROM t2 WHERE a=1 AND a=2;
-- SELECT b FROM t2 WHERE a=1 AND a=2;
-- SELECT c FROM t1 WHERE a=1 AND a=2;
-- SELECT * FROM t3 WHERE a=1 AND a=2;
-- SELECT a FROM t3 WHERE a=1 AND a=2;
-- SELECT b FROM t3 WHERE a=1 AND a=2;
-- SELECT c FROM t3 WHERE a=1 AND a=2;
-- SELECT * FROM t1 WHERE a=1 OR a=2;
-- SELECT a FROM t1 WHERE a=1 OR a=2;
-- SELECT b FROM t1 WHERE a=1 OR a=2;
-- SELECT c FROM t1 WHERE a=1 OR a=2;
-- SELECT * FROM t2 WHERE a=1 OR a=2;
-- SELECT a FROM t2 WHERE a=1 OR a=2;
-- SELECT b FROM t2 WHERE a=1 OR a=2;
-- SELECT c FROM t2 WHERE a=1 OR a=2;
-- SELECT * FROM t3 WHERE a=1 OR a=2;
-- SELECT a FROM t3 WHERE a=1 OR a=2;
-- SELECT b FROM t3 WHERE a=1 OR a=2;
-- SELECT c FROM t3 WHERE a=1 OR a=2;
-- load data
INSERT INTO t1 VALUES (1, 2, 3), (2, 3, 4),(3, 4, 5);
INSERT INTO t2 VALUES (1, 2, 3), (2, 3, 4),(3, 4, 5);
INSERT INTO t3 VALUES (1, 2, 3), (2, 3, 4),(3, 4, 5);
-- Query
SELECT * FROM t1;
 a | b | c 
---+---+---
 1 | 2 | 3
 2 | 3 | 4
 3 | 4 | 5
(3 rows)

SELECT a FROM t1;
 a 
---
 1
 2
 3
(3 rows)

SELECT b FROM t1;
 b 
---
 2
 3
 4
(3 rows)

SELECT c FROM t1;
 c 
---
 3
 4
 5
(3 rows)

SELECT * FROM t2;
 a | b | c 
---+---+---
 2 | 3 | 4
 1 | 2 | 3
 3 | 4 | 5
(3 rows)

SELECT a FROM t2;
 a 
---
 1
 2
 3
(3 rows)

SELECT b FROM t2;
 b 
---
 2
 3
 4
(3 rows)

SELECT c FROM t2;
 c 
---
 3
 4
 5
(3 rows)

SELECT * FROM t3;
 a | b | c 
---+---+---
 1 | 2 | 3
 2 | 3 | 4
 3 | 4 | 5
(3 rows)

SELECT a FROM t3;
 a 
---
 1
 2
 3
(3 rows)

SELECT b FROM t3;
 b 
---
 2
 3
 4
(3 rows)

SELECT c FROM t3;
 c 
---
 3
 4
 5
(3 rows)

SELECT * FROM t1 WHERE a=1;
 a | b | c 
---+---+---
 1 | 2 | 3
(1 row)

SELECT a FROM t1 WHERE a=1;
 a 
---
 1
(1 row)

SELECT b FROM t1 WHERE a=1;
 b 
---
 2
(1 row)

SELECT c FROM t1 WHERE a=1;
 c 
---
 3
(1 row)

SELECT * FROM t2 WHERE a=1;
 a | b | c 
---+---+---
 1 | 2 | 3
(1 row)

SELECT a FROM t2 WHERE a=1;
 a 
---
 1
(1 row)

SELECT b FROM t2 WHERE a=1;
 b 
---
 2
(1 row)

SELECT c FROM t2 WHERE a=1;
 c 
---
 3
(1 row)

SELECT * FROM t3 WHERE a=1;
 a | b | c 
---+---+---
 1 | 2 | 3
(1 row)

SELECT a FROM t3 WHERE a=1;
 a 
---
 1
(1 row)

SELECT b FROM t3 WHERE a=1;
 b 
---
 2
(1 row)

SELECT c FROM t3 WHERE a=1;
 c 
---
 3
(1 row)

SELECT * FROM t1 WHERE a!=1;
 a | b | c 
---+---+---
 2 | 3 | 4
 3 | 4 | 5
(2 rows)

SELECT a FROM t1 WHERE a!=1;
 a 
---
 2
 3
(2 rows)

SELECT b FROM t1 WHERE a!=1;
 b 
---
 3
 4
(2 rows)

SELECT c FROM t1 WHERE a!=1;
 c 
---
 4
 5
(2 rows)

SELECT * FROM t2 WHERE a!=1;
 a | b | c 
---+---+---
 2 | 3 | 4
 3 | 4 | 5
(2 rows)

SELECT a FROM t2 WHERE a!=1;
 a 
---
 2
 3
(2 rows)

SELECT b FROM t2 WHERE a!=1;
 b 
---
 3
 4
(2 rows)

SELECT c FROM t1 WHERE a!=1;
 c 
---
 4
 5
(2 rows)

SELECT * FROM t3 WHERE a!=1;
 a | b | c 
---+---+---
 2 | 3 | 4
 3 | 4 | 5
(2 rows)

SELECT a FROM t3 WHERE a!=1;
 a 
---
 2
 3
(2 rows)

SELECT b FROM t3 WHERE a!=1;
 b 
---
 3
 4
(2 rows)

SELECT c FROM t1 WHERE a!=1;
 c 
---
 4
 5
(2 rows)

SELECT * FROM t1 WHERE a>1;
 a | b | c 
---+---+---
 2 | 3 | 4
 3 | 4 | 5
(2 rows)

SELECT a FROM t1 WHERE a>1;
 a 
---
 2
 3
(2 rows)

SELECT b FROM t1 WHERE a>1;
 b 
---
 3
 4
(2 rows)

SELECT c FROM t1 WHERE a>1;
 c 
---
 4
 5
(2 rows)

SELECT * FROM t2 WHERE a>1;
 a | b | c 
---+---+---
 3 | 4 | 5
 2 | 3 | 4
(2 rows)

SELECT a FROM t2 WHERE a>1;
 a 
---
 3
 2
(2 rows)

SELECT b FROM t2 WHERE a>1;
 b 
---
 4
 3
(2 rows)

SELECT c FROM t2 WHERE a>1;
 c 
---
 5
 4
(2 rows)

SELECT * FROM t3 WHERE a>1;
 a | b | c 
---+---+---
 2 | 3 | 4
 3 | 4 | 5
(2 rows)

SELECT a FROM t3 WHERE a>1;
 a 
---
 2
 3
(2 rows)

SELECT b FROM t3 WHERE a>1;
 b 
---
 3
 4
(2 rows)

SELECT c FROM t3 WHERE a>1;
 c 
---
 4
 5
(2 rows)

SELECT * FROM t1 WHERE a<1;
 a | b | c 
---+---+---
(0 rows)

SELECT a FROM t1 WHERE a<1;
 a 
---
(0 rows)

SELECT b FROM t1 WHERE a<1;
 b 
---
(0 rows)

SELECT c FROM t1 WHERE a<1;
 c 
---
(0 rows)

SELECT * FROM t2 WHERE a<1;
 a | b | c 
---+---+---
(0 rows)

SELECT a FROM t2 WHERE a<1;
 a 
---
(0 rows)

SELECT b FROM t2 WHERE a<1;
 b 
---
(0 rows)

SELECT c FROM t2 WHERE a<1;
 c 
---
(0 rows)

SELECT * FROM t3 WHERE a<1;
 a | b | c 
---+---+---
(0 rows)

SELECT a FROM t3 WHERE a<1;
 a 
---
(0 rows)

SELECT b FROM t3 WHERE a<1;
 b 
---
(0 rows)

SELECT c FROM t3 WHERE a<1;
 c 
---
(0 rows)

SELECT * FROM t1 WHERE a>=1;
 a | b | c 
---+---+---
 2 | 3 | 4
 3 | 4 | 5
 1 | 2 | 3
(3 rows)

SELECT a FROM t1 WHERE a>=1;
 a 
---
 1
 2
 3
(3 rows)

SELECT b FROM t1 WHERE a>=1;
 b 
---
 2
 3
 4
(3 rows)

SELECT c FROM t1 WHERE a>=1;
 c 
---
 3
 4
 5
(3 rows)

SELECT * FROM t2 WHERE a>=1;
 a | b | c 
---+---+---
 1 | 2 | 3
 3 | 4 | 5
 2 | 3 | 4
(3 rows)

SELECT a FROM t2 WHERE a>=1;
 a 
---
 3
 2
 1
(3 rows)

SELECT b FROM t2 WHERE a>=1;
 b 
---
 2
 4
 3
(3 rows)

SELECT c FROM t2 WHERE a>=1;
 c 
---
 3
 5
 4
(3 rows)

SELECT * FROM t3 WHERE a>=1;
 a | b | c 
---+---+---
 1 | 2 | 3
 2 | 3 | 4
 3 | 4 | 5
(3 rows)

SELECT a FROM t3 WHERE a>=1;
 a 
---
 1
 2
 3
(3 rows)

SELECT b FROM t3 WHERE a>=1;
 b 
---
 2
 3
 4
(3 rows)

SELECT c FROM t3 WHERE a>=1;
 c 
---
 3
 4
 5
(3 rows)

SELECT * FROM t1 WHERE a<=1;
 a | b | c 
---+---+---
 1 | 2 | 3
(1 row)

SELECT a FROM t1 WHERE a<=1;
 a 
---
 1
(1 row)

SELECT b FROM t1 WHERE a<=1;
 b 
---
 2
(1 row)

SELECT c FROM t1 WHERE a<=1;
 c 
---
 3
(1 row)

SELECT * FROM t2 WHERE a<=1;
 a | b | c 
---+---+---
 1 | 2 | 3
(1 row)

SELECT a FROM t2 WHERE a<=1;
 a 
---
 1
(1 row)

SELECT b FROM t2 WHERE a<=1;
 b 
---
 2
(1 row)

SELECT c FROM t2 WHERE a<=1;
 c 
---
 3
(1 row)

SELECT * FROM t3 WHERE a<=1;
 a | b | c 
---+---+---
 1 | 2 | 3
(1 row)

SELECT a FROM t3 WHERE a<=1;
 a 
---
 1
(1 row)

SELECT b FROM t3 WHERE a<=1;
 b 
---
 2
(1 row)

SELECT c FROM t3 WHERE a<=1;
 c 
---
 3
(1 row)

SELECT * FROM t1 WHERE a=b;
 a | b | c 
---+---+---
(0 rows)

SELECT * FROM t1 WHERE a!=b;
 a | b | c 
---+---+---
 1 | 2 | 3
 2 | 3 | 4
 3 | 4 | 5
(3 rows)

SELECT * FROM t1 WHERE a>b;
 a | b | c 
---+---+---
(0 rows)

SELECT * FROM t1 WHERE a<b;
 a | b | c 
---+---+---
 1 | 2 | 3
 2 | 3 | 4
 3 | 4 | 5
(3 rows)

SELECT * FROM t1 WHERE a>=b;
 a | b | c 
---+---+---
(0 rows)

SELECT * FROM t1 WHERE a<=b;
 a | b | c 
---+---+---
 1 | 2 | 3
 2 | 3 | 4
 3 | 4 | 5
(3 rows)

SELECT * FROM t2 WHERE a=b;
 a | b | c 
---+---+---
(0 rows)

SELECT * FROM t2 WHERE a!=b;
 a | b | c 
---+---+---
 1 | 2 | 3
 2 | 3 | 4
 3 | 4 | 5
(3 rows)

SELECT * FROM t2 WHERE a>b;
 a | b | c 
---+---+---
(0 rows)

SELECT * FROM t2 WHERE a<b;
 a | b | c 
---+---+---
 2 | 3 | 4
 1 | 2 | 3
 3 | 4 | 5
(3 rows)

SELECT * FROM t2 WHERE a>=b;
 a | b | c 
---+---+---
(0 rows)

SELECT * FROM t2 WHERE a<=b;
 a | b | c 
---+---+---
 2 | 3 | 4
 1 | 2 | 3
 3 | 4 | 5
(3 rows)

SELECT * FROM t3 WHERE a=b;
 a | b | c 
---+---+---
(0 rows)

SELECT * FROM t3 WHERE a!=b;
 a | b | c 
---+---+---
 1 | 2 | 3
 2 | 3 | 4
 3 | 4 | 5
(3 rows)

SELECT * FROM t3 WHERE a>b;
 a | b | c 
---+---+---
(0 rows)

SELECT * FROM t3 WHERE a<b;
 a | b | c 
---+---+---
 1 | 2 | 3
 2 | 3 | 4
 3 | 4 | 5
(3 rows)

SELECT * FROM t3 WHERE a>=b;
 a | b | c 
---+---+---
(0 rows)

SELECT * FROM t3 WHERE a<=b;
 a | b | c 
---+---+---
 1 | 2 | 3
 2 | 3 | 4
 3 | 4 | 5
(3 rows)

SELECT * FROM t1 WHERE b=a;
 a | b | c 
---+---+---
(0 rows)

SELECT * FROM t1 WHERE b!=a;
 a | b | c 
---+---+---
 2 | 3 | 4
 3 | 4 | 5
 1 | 2 | 3
(3 rows)

SELECT * FROM t1 WHERE b>a;
 a | b | c 
---+---+---
 1 | 2 | 3
 2 | 3 | 4
 3 | 4 | 5
(3 rows)

SELECT * FROM t1 WHERE b<a;
 a | b | c 
---+---+---
(0 rows)

SELECT * FROM t1 WHERE b>=a;
 a | b | c 
---+---+---
 2 | 3 | 4
 3 | 4 | 5
 1 | 2 | 3
(3 rows)

SELECT * FROM t1 WHERE b<=a;
 a | b | c 
---+---+---
(0 rows)

SELECT * FROM t2 WHERE b=a;
 a | b | c 
---+---+---
(0 rows)

SELECT * FROM t2 WHERE b!=a;
 a | b | c 
---+---+---
 2 | 3 | 4
 3 | 4 | 5
 1 | 2 | 3
(3 rows)

SELECT * FROM t2 WHERE b>a;
 a | b | c 
---+---+---
 2 | 3 | 4
 3 | 4 | 5
 1 | 2 | 3
(3 rows)

SELECT * FROM t2 WHERE b<a;
 a | b | c 
---+---+---
(0 rows)

SELECT * FROM t2 WHERE b>=a;
 a | b | c 
---+---+---
 2 | 3 | 4
 3 | 4 | 5
 1 | 2 | 3
(3 rows)

SELECT * FROM t2 WHERE b<=a;
 a | b | c 
---+---+---
(0 rows)

SELECT * FROM t3 WHERE b=a;
 a | b | c 
---+---+---
(0 rows)

SELECT * FROM t3 WHERE b!=a;
 a | b | c 
---+---+---
 1 | 2 | 3
 2 | 3 | 4
 3 | 4 | 5
(3 rows)

SELECT * FROM t3 WHERE b>a;
 a | b | c 
---+---+---
 1 | 2 | 3
 2 | 3 | 4
 3 | 4 | 5
(3 rows)

SELECT * FROM t3 WHERE b<a;
 a | b | c 
---+---+---
(0 rows)

SELECT * FROM t3 WHERE b>=a;
 a | b | c 
---+---+---
 1 | 2 | 3
 2 | 3 | 4
 3 | 4 | 5
(3 rows)

SELECT * FROM t3 WHERE b<=a;
 a | b | c 
---+---+---
(0 rows)

SELECT * FROM t1 WHERE c=b;
 a | b | c 
---+---+---
(0 rows)

SELECT * FROM t1 WHERE c!=b;
 a | b | c 
---+---+---
 1 | 2 | 3
 2 | 3 | 4
 3 | 4 | 5
(3 rows)

SELECT * FROM t1 WHERE c>b;
 a | b | c 
---+---+---
 1 | 2 | 3
 2 | 3 | 4
 3 | 4 | 5
(3 rows)

SELECT * FROM t1 WHERE c<b;
 a | b | c 
---+---+---
(0 rows)

SELECT * FROM t1 WHERE c>=b;
 a | b | c 
---+---+---
 2 | 3 | 4
 3 | 4 | 5
 1 | 2 | 3
(3 rows)

SELECT * FROM t1 WHERE c<=b;
 a | b | c 
---+---+---
(0 rows)

SELECT * FROM t2 WHERE c=b;
 a | b | c 
---+---+---
(0 rows)

SELECT * FROM t2 WHERE c!=b;
 a | b | c 
---+---+---
 2 | 3 | 4
 1 | 2 | 3
 3 | 4 | 5
(3 rows)

SELECT * FROM t2 WHERE c>b;
 a | b | c 
---+---+---
 1 | 2 | 3
 3 | 4 | 5
 2 | 3 | 4
(3 rows)

SELECT * FROM t2 WHERE c<b;
 a | b | c 
---+---+---
(0 rows)

SELECT * FROM t2 WHERE c>=b;
 a | b | c 
---+---+---
 3 | 4 | 5
 2 | 3 | 4
 1 | 2 | 3
(3 rows)

SELECT * FROM t2 WHERE c<=b;
 a | b | c 
---+---+---
(0 rows)

SELECT * FROM t3 WHERE c=b;
 a | b | c 
---+---+---
(0 rows)

SELECT * FROM t3 WHERE c!=b;
 a | b | c 
---+---+---
 1 | 2 | 3
 2 | 3 | 4
 3 | 4 | 5
(3 rows)

SELECT * FROM t3 WHERE c>b;
 a | b | c 
---+---+---
 1 | 2 | 3
 2 | 3 | 4
 3 | 4 | 5
(3 rows)

SELECT * FROM t3 WHERE c<b;
 a | b | c 
---+---+---
(0 rows)

SELECT * FROM t3 WHERE c>=b;
 a | b | c 
---+---+---
 1 | 2 | 3
 2 | 3 | 4
 3 | 4 | 5
(3 rows)

SELECT * FROM t3 WHERE c<=b;
 a | b | c 
---+---+---
(0 rows)

SELECT * FROM t1 WHERE a=1 AND b=2;
 a | b | c 
---+---+---
 1 | 2 | 3
(1 row)

SELECT a FROM t1 WHERE a=1 AND b=2;
 a 
---
 1
(1 row)

SELECT b FROM t1 WHERE a=1 AND b=2;
 b 
---
 2
(1 row)

SELECT * FROM t2 WHERE a=1 AND b=2;
 a | b | c 
---+---+---
 1 | 2 | 3
(1 row)

SELECT a FROM t2 WHERE a=1 AND b=2;
 a 
---
 1
(1 row)

SELECT b FROM t2 WHERE a=1 AND b=2;
 b 
---
 2
(1 row)

SELECT * FROM t3 WHERE a=1 AND b=2;
 a | b | c 
---+---+---
 1 | 2 | 3
(1 row)

SELECT a FROM t3 WHERE a=1 AND b=2;
 a 
---
 1
(1 row)

SELECT b FROM t3 WHERE a=1 AND b=2;
 b 
---
 2
(1 row)

SELECT * FROM t1 WHERE a=1 OR a=2;
 a | b | c 
---+---+---
 2 | 3 | 4
 1 | 2 | 3
(2 rows)

SELECT a FROM t1 WHERE a=1 OR a=2;
 a 
---
 1
 2
(2 rows)

SELECT b FROM t1 WHERE a=1 OR a=2;
 b 
---
 2
 3
(2 rows)

SELECT * FROM t2 WHERE a=1 OR a=2;
 a | b | c 
---+---+---
 2 | 3 | 4
 1 | 2 | 3
(2 rows)

SELECT a FROM t2 WHERE a=1 OR a=2;
 a 
---
 1
 2
(2 rows)

SELECT b FROM t2 WHERE a=1 OR a=2;
 b 
---
 3
 2
(2 rows)

SELECT * FROM t3 WHERE a=1 OR a=2;
 a | b | c 
---+---+---
 1 | 2 | 3
 2 | 3 | 4
(2 rows)

SELECT a FROM t3 WHERE a=1 OR a=2;
 a 
---
 1
 2
(2 rows)

SELECT b FROM t3 WHERE a=1 OR a=2;
 b 
---
 2
 3
(2 rows)

-- drop table
DROP TABLE if EXISTS t1;
DROP TABLE if EXISTS t2;
DROP TABLE if EXISTS t3;
-- create table
CREATE TABLE IF NOT EXISTS t1 (a INT, b INT) WITH(APPENDONLY=true, ORIENTATION=column) DISTRIBUTED BY(a);
CREATE TABLE IF NOT EXISTS t2 (a INT, b INT) WITH(APPENDONLY=true, ORIENTATION=column) DISTRIBUTED RANDOMLY;
CREATE TABLE IF NOT EXISTS t3 (a INT, b INT) WITH(APPENDONLY=true, ORIENTATION=column) DISTRIBUTED REPLICATED;
-- load data with NULL
INSERT INTO t1 VALUES (NULL, 2), (3, NULL),(NULL, NULL);
INSERT INTO t2 VALUES (NULL, 2), (3, NULL),(NULL, NULL);
INSERT INTO t3 VALUES (NULL, 2), (3, NULL),(NULL, NULL);
-- query
SELECT * FROM t1;
 a | b 
---+---
   | 2
 3 |  
   |  
(3 rows)

SELECT a FROM t1;
 a 
---
  
 3
  
(3 rows)

SELECT b FROM t1;
 b 
---
 2
  
  
(3 rows)

SELECT * FROM t2;
 a | b 
---+---
   | 2
 3 |  
   |  
(3 rows)

SELECT a FROM t2;
 a 
---
  
 3
  
(3 rows)

SELECT b FROM t2;
 b 
---
 2
  
  
(3 rows)

SELECT * FROM t3;
 a | b 
---+---
   | 2
 3 |  
   |  
(3 rows)

SELECT a FROM t3;
 a 
---
  
 3
  
(3 rows)

SELECT b FROM t3;
 b 
---
 2
  
  
(3 rows)

SELECT * FROM t1 WHERE a=1;
 a | b 
---+---
(0 rows)

SELECT a FROM t1 WHERE a=1;
 a 
---
(0 rows)

SELECT b FROM t1 WHERE a=1;
 b 
---
(0 rows)

SELECT * FROM t2 WHERE a=1;
 a | b 
---+---
(0 rows)

SELECT a FROM t2 WHERE a=1;
 a 
---
(0 rows)

SELECT b FROM t2 WHERE a=1;
 b 
---
(0 rows)

SELECT * FROM t3 WHERE a=1;
 a | b 
---+---
(0 rows)

SELECT a FROM t3 WHERE a=1;
 a 
---
(0 rows)

SELECT b FROM t3 WHERE a=1;
 b 
---
(0 rows)

SELECT * FROM t1 WHERE a>1;
 a | b 
---+---
 3 |  
(1 row)

SELECT a FROM t1 WHERE a>1;
 a 
---
 3
(1 row)

SELECT b FROM t1 WHERE a>1;
 b 
---
  
(1 row)

SELECT * FROM t2 WHERE a>1;
 a | b 
---+---
 3 |  
(1 row)

SELECT a FROM t2 WHERE a>1;
 a 
---
 3
(1 row)

SELECT b FROM t2 WHERE a>1;
 b 
---
  
(1 row)

SELECT * FROM t3 WHERE a>1;
 a | b 
---+---
 3 |  
(1 row)

SELECT a FROM t3 WHERE a>1;
 a 
---
 3
(1 row)

SELECT b FROM t3 WHERE a>1;
 b 
---
  
(1 row)

SELECT * FROM t1 WHERE a<1;
 a | b 
---+---
(0 rows)

SELECT a FROM t1 WHERE a<1;
 a 
---
(0 rows)

SELECT b FROM t1 WHERE a<1;
 b 
---
(0 rows)

SELECT * FROM t2 WHERE a<1;
 a | b 
---+---
(0 rows)

SELECT a FROM t2 WHERE a<1;
 a 
---
(0 rows)

SELECT b FROM t2 WHERE a<1;
 b 
---
(0 rows)

SELECT * FROM t3 WHERE a<1;
 a | b 
---+---
(0 rows)

SELECT a FROM t3 WHERE a<1;
 a 
---
(0 rows)

SELECT b FROM t3 WHERE a<1;
 b 
---
(0 rows)

SELECT * FROM t1 WHERE a>=1;
 a | b 
---+---
 3 |  
(1 row)

SELECT a FROM t1 WHERE a>=1;
 a 
---
 3
(1 row)

SELECT b FROM t1 WHERE a>=1;
 b 
---
  
(1 row)

SELECT * FROM t2 WHERE a>=1;
 a | b 
---+---
 3 |  
(1 row)

SELECT a FROM t2 WHERE a>=1;
 a 
---
 3
(1 row)

SELECT b FROM t2 WHERE a>=1;
 b 
---
  
(1 row)

SELECT * FROM t3 WHERE a>=1;
 a | b 
---+---
 3 |  
(1 row)

SELECT a FROM t3 WHERE a>=1;
 a 
---
 3
(1 row)

SELECT b FROM t3 WHERE a>=1;
 b 
---
  
(1 row)

SELECT * FROM t1 WHERE a<=1;
 a | b 
---+---
(0 rows)

SELECT a FROM t1 WHERE a<=1;
 a 
---
(0 rows)

SELECT b FROM t1 WHERE a<=1;
 b 
---
(0 rows)

SELECT * FROM t2 WHERE a<=1;
 a | b 
---+---
(0 rows)

SELECT a FROM t2 WHERE a<=1;
 a 
---
(0 rows)

SELECT b FROM t2 WHERE a<=1;
 b 
---
(0 rows)

SELECT * FROM t3 WHERE a<=1;
 a | b 
---+---
(0 rows)

SELECT a FROM t3 WHERE a<=1;
 a 
---
(0 rows)

SELECT b FROM t3 WHERE a<=1;
 b 
---
(0 rows)

SELECT * FROM t1 WHERE a=1 AND b=2;
 a | b 
---+---
(0 rows)

SELECT a FROM t1 WHERE a=1 AND b=2;
 a 
---
(0 rows)

SELECT b FROM t1 WHERE a=1 AND b=2;
 b 
---
(0 rows)

SELECT * FROM t2 WHERE a=1 AND b=2;
 a | b 
---+---
(0 rows)

SELECT a FROM t2 WHERE a=1 AND b=2;
 a 
---
(0 rows)

SELECT b FROM t2 WHERE a=1 AND b=2;
 b 
---
(0 rows)

SELECT * FROM t3 WHERE a=1 AND b=2;
 a | b 
---+---
(0 rows)

SELECT a FROM t3 WHERE a=1 AND b=2;
 a 
---
(0 rows)

SELECT b FROM t3 WHERE a=1 AND b=2;
 b 
---
(0 rows)

SELECT * FROM t1 WHERE a=1 OR a=2;
 a | b 
---+---
(0 rows)

SELECT a FROM t1 WHERE a=1 OR a=2;
 a 
---
(0 rows)

SELECT b FROM t1 WHERE a=1 OR a=2;
 b 
---
(0 rows)

SELECT * FROM t2 WHERE a=1 OR a=2;
 a | b 
---+---
(0 rows)

SELECT a FROM t2 WHERE a=1 OR a=2;
 a 
---
(0 rows)

SELECT b FROM t2 WHERE a=1 OR a=2;
 b 
---
(0 rows)

SELECT * FROM t3 WHERE a=1 OR a=2;
 a | b 
---+---
(0 rows)

SELECT a FROM t3 WHERE a=1 OR a=2;
 a 
---
(0 rows)

SELECT b FROM t3 WHERE a=1 OR a=2;
 b 
---
(0 rows)

SELECT * FROM t1 WHERE a IS NOT NULL;
 a | b 
---+---
 3 |  
(1 row)

SELECT a FROM t1 WHERE a IS NOT NULL;
 a 
---
 3
(1 row)

SELECT b FROM t1 WHERE a IS NOT NULL;
 b 
---
  
(1 row)

SELECT * FROM t2 WHERE a IS NOT NULL;
 a | b 
---+---
 3 |  
(1 row)

SELECT a FROM t2 WHERE a IS NOT NULL;
 a 
---
 3
(1 row)

SELECT b FROM t2 WHERE a IS NOT NULL;
 b 
---
  
(1 row)

SELECT * FROM t3 WHERE a IS NOT NULL;
 a | b 
---+---
 3 |  
(1 row)

SELECT a FROM t3 WHERE a IS NOT NULL;
 a 
---
 3
(1 row)

SELECT b FROM t3 WHERE a IS NOT NULL;
 b 
---
  
(1 row)

SELECT * FROM t1 WHERE a IS NULL;
 a | b 
---+---
   | 2
   |  
(2 rows)

SELECT a FROM t1 WHERE a IS NULL;
 a 
---
  
  
(2 rows)

SELECT b FROM t1 WHERE a IS NULL;
 b 
---
 2
  
(2 rows)

SELECT * FROM t2 WHERE a IS NULL;
 a | b 
---+---
   | 2
   |  
(2 rows)

SELECT a FROM t2 WHERE a IS NULL;
 a 
---
  
  
(2 rows)

SELECT b FROM t2 WHERE a IS NULL;
 b 
---
 2
  
(2 rows)

SELECT * FROM t3 WHERE a IS NULL;
 a | b 
---+---
   | 2
   |  
(2 rows)

SELECT a FROM t3 WHERE a IS NULL;
 a 
---
  
  
(2 rows)

SELECT b FROM t3 WHERE a IS NULL;
 b 
---
 2
  
(2 rows)

-- drop table
DROP TABLE if EXISTS t1;
DROP TABLE if EXISTS t2;
DROP TABLE if EXISTS t3;
-- create table
CREATE TABLE IF NOT EXISTS t1 (a INT, b INT, c INT) WITH(APPENDONLY=true, ORIENTATION=column) DISTRIBUTED BY(a);
CREATE TABLE IF NOT EXISTS t2 (a INT, b INT, c INT) WITH(APPENDONLY=true, ORIENTATION=column) DISTRIBUTED RANDOMLY;
CREATE TABLE IF NOT EXISTS t3 (a INT, b INT, C INT) WITH(APPENDONLY=true, ORIENTATION=column) DISTRIBUTED REPLICATED;
-- queries
select * from t1 where b is NULL;
 a | b | c 
---+---+---
(0 rows)

select * from t1 where c is NULL;
 a | b | c 
---+---+---
(0 rows)

select * from t2 where b is NULL;
 a | b | c 
---+---+---
(0 rows)

select * from t2 where c is NULL;
 a | b | c 
---+---+---
(0 rows)

select * from t3 where b is NULL;
 a | b | c 
---+---+---
(0 rows)

select * from t3 where c is NULL;
 a | b | c 
---+---+---
(0 rows)

select * from t1 where b is not NULL;
 a | b | c 
---+---+---
(0 rows)

select * from t1 where c is not NULL;
 a | b | c 
---+---+---
(0 rows)

select * from t2 where b is not NULL;
 a | b | c 
---+---+---
(0 rows)

select * from t2 where c is not NULL;
 a | b | c 
---+---+---
(0 rows)

select * from t3 where b is not NULL;
 a | b | c 
---+---+---
(0 rows)

select * from t3 where c is not NULL;
 a | b | c 
---+---+---
(0 rows)

-- load data
SET vector.enable_vectorization=OFF;
insert into t1 select i, NULL, i from generate_series(1, 10)i;
insert into t1 select i, i, NULL from generate_series(1, 10)i;
insert into t2 select i, NULL, i from generate_series(1, 10)i;
insert into t2 select i, i, NULL from generate_series(1, 10)i;
insert into t3 select i, NULL, i from generate_series(1, 10)i;
insert into t3 select i, i, NULL from generate_series(1, 10)i;
SET vector.enable_vectorization=ON;
-- queries
select * from t1 where b is NULL;
 a  | b | c  
----+---+----
  1 |   |  1
  5 |   |  5
  6 |   |  6
  9 |   |  9
 10 |   | 10
  2 |   |  2
  3 |   |  3
  4 |   |  4
  7 |   |  7
  8 |   |  8
(10 rows)

select * from t1 where c is NULL;
 a  | b  | c 
----+----+---
  2 |  2 |  
  3 |  3 |  
  4 |  4 |  
  7 |  7 |  
  8 |  8 |  
  5 |  5 |  
  6 |  6 |  
  9 |  9 |  
 10 | 10 |  
  1 |  1 |  
(10 rows)

select * from t2 where b is NULL;
 a  | b | c  
----+---+----
  2 |   |  2
  5 |   |  5
  6 |   |  6
  8 |   |  8
  9 |   |  9
 10 |   | 10
  3 |   |  3
  4 |   |  4
  7 |   |  7
  1 |   |  1
(10 rows)

select * from t2 where c is NULL;
 a  | b  | c 
----+----+---
  3 |  3 |  
  4 |  4 |  
  6 |  6 |  
  9 |  9 |  
 10 | 10 |  
  1 |  1 |  
  7 |  7 |  
  8 |  8 |  
  2 |  2 |  
  5 |  5 |  
(10 rows)

select * from t3 where b is NULL;
 a  | b | c  
----+---+----
  1 |   |  1
  2 |   |  2
  3 |   |  3
  4 |   |  4
  5 |   |  5
  6 |   |  6
  7 |   |  7
  8 |   |  8
  9 |   |  9
 10 |   | 10
(10 rows)

select * from t3 where c is NULL;
 a  | b  | c 
----+----+---
  1 |  1 |  
  2 |  2 |  
  3 |  3 |  
  4 |  4 |  
  5 |  5 |  
  6 |  6 |  
  7 |  7 |  
  8 |  8 |  
  9 |  9 |  
 10 | 10 |  
(10 rows)

select * from t1 where b is not NULL;
 a  | b  | c 
----+----+---
  1 |  1 |  
  5 |  5 |  
  6 |  6 |  
  9 |  9 |  
 10 | 10 |  
  2 |  2 |  
  3 |  3 |  
  4 |  4 |  
  7 |  7 |  
  8 |  8 |  
(10 rows)

select * from t1 where c is not NULL;
 a  | b | c  
----+---+----
  5 |   |  5
  6 |   |  6
  9 |   |  9
 10 |   | 10
  2 |   |  2
  3 |   |  3
  4 |   |  4
  7 |   |  7
  8 |   |  8
  1 |   |  1
(10 rows)

select * from t2 where b is not NULL;
 a  | b  | c 
----+----+---
  1 |  1 |  
  7 |  7 |  
  8 |  8 |  
  2 |  2 |  
  5 |  5 |  
  3 |  3 |  
  4 |  4 |  
  6 |  6 |  
  9 |  9 |  
 10 | 10 |  
(10 rows)

select * from t2 where c is not NULL;
 a  | b | c  
----+---+----
  3 |   |  3
  4 |   |  4
  7 |   |  7
  1 |   |  1
  2 |   |  2
  5 |   |  5
  6 |   |  6
  8 |   |  8
  9 |   |  9
 10 |   | 10
(10 rows)

select * from t3 where b is not NULL;
 a  | b  | c 
----+----+---
  1 |  1 |  
  2 |  2 |  
  3 |  3 |  
  4 |  4 |  
  5 |  5 |  
  6 |  6 |  
  7 |  7 |  
  8 |  8 |  
  9 |  9 |  
 10 | 10 |  
(10 rows)

select * from t3 where c is not NULL;
 a  | b | c  
----+---+----
  1 |   |  1
  2 |   |  2
  3 |   |  3
  4 |   |  4
  5 |   |  5
  6 |   |  6
  7 |   |  7
  8 |   |  8
  9 |   |  9
 10 |   | 10
(10 rows)

select * from t1 where b is not NULL and c is NULL;
 a  | b  | c 
----+----+---
  1 |  1 |  
  2 |  2 |  
  3 |  3 |  
  4 |  4 |  
  7 |  7 |  
  8 |  8 |  
  5 |  5 |  
  6 |  6 |  
  9 |  9 |  
 10 | 10 |  
(10 rows)

select * from t1 where c is not NULL and b is NULL;
 a  | b | c  
----+---+----
  2 |   |  2
  3 |   |  3
  4 |   |  4
  7 |   |  7
  8 |   |  8
  1 |   |  1
  5 |   |  5
  6 |   |  6
  9 |   |  9
 10 |   | 10
(10 rows)

select * from t2 where b is not NULL and c is NULL;
 a  | b  | c 
----+----+---
  3 |  3 |  
  4 |  4 |  
  6 |  6 |  
  9 |  9 |  
 10 | 10 |  
  1 |  1 |  
  7 |  7 |  
  8 |  8 |  
  2 |  2 |  
  5 |  5 |  
(10 rows)

select * from t2 where c is not NULL and b is NULL;
 a  | b | c  
----+---+----
  3 |   |  3
  4 |   |  4
  7 |   |  7
  1 |   |  1
  2 |   |  2
  5 |   |  5
  6 |   |  6
  8 |   |  8
  9 |   |  9
 10 |   | 10
(10 rows)

select * from t3 where b is not NULL and c is NULL;
 a  | b  | c 
----+----+---
  1 |  1 |  
  2 |  2 |  
  3 |  3 |  
  4 |  4 |  
  5 |  5 |  
  6 |  6 |  
  7 |  7 |  
  8 |  8 |  
  9 |  9 |  
 10 | 10 |  
(10 rows)

select * from t3 where c is not NULL and b is NULL;
 a  | b | c  
----+---+----
  1 |   |  1
  2 |   |  2
  3 |   |  3
  4 |   |  4
  5 |   |  5
  6 |   |  6
  7 |   |  7
  8 |   |  8
  9 |   |  9
 10 |   | 10
(10 rows)

select * from t1 where b is  NULL or c is NULL;
 a  | b  | c  
----+----+----
  2 |    |  2
  3 |    |  3
  4 |    |  4
  7 |    |  7
  8 |    |  8
  2 |  2 |   
  3 |  3 |   
  4 |  4 |   
  7 |  7 |   
  8 |  8 |   
  5 |    |  5
  6 |    |  6
  9 |    |  9
 10 |    | 10
  5 |  5 |   
  6 |  6 |   
  9 |  9 |   
 10 | 10 |   
  1 |    |  1
  1 |  1 |   
(20 rows)

select * from t1 where b is  NOT NULL or c is NOT NULL;
 a  | b  | c  
----+----+----
  1 |    |  1
  1 |  1 |   
  2 |    |  2
  3 |    |  3
  4 |    |  4
  7 |    |  7
  8 |    |  8
  2 |  2 |   
  3 |  3 |   
  4 |  4 |   
  7 |  7 |   
  8 |  8 |   
  5 |    |  5
  6 |    |  6
  9 |    |  9
 10 |    | 10
  5 |  5 |   
  6 |  6 |   
  9 |  9 |   
 10 | 10 |   
(20 rows)

select * from t2 where b is  NULL or c is NULL;
 a  | b  | c  
----+----+----
  1 |    |  1
  3 |  3 |   
  4 |  4 |   
  6 |  6 |   
  9 |  9 |   
 10 | 10 |   
  2 |    |  2
  5 |    |  5
  6 |    |  6
  8 |    |  8
  9 |    |  9
 10 |    | 10
  1 |  1 |   
  7 |  7 |   
  8 |  8 |   
  3 |    |  3
  4 |    |  4
  7 |    |  7
  2 |  2 |   
  5 |  5 |   
(20 rows)

select * from t2 where b is  NOT NULL or c is NOT NULL;
 a  | b  | c  
----+----+----
  3 |    |  3
  4 |    |  4
  7 |    |  7
  2 |  2 |   
  5 |  5 |   
  1 |    |  1
  3 |  3 |   
  4 |  4 |   
  6 |  6 |   
  9 |  9 |   
 10 | 10 |   
  2 |    |  2
  5 |    |  5
  6 |    |  6
  8 |    |  8
  9 |    |  9
 10 |    | 10
  1 |  1 |   
  7 |  7 |   
  8 |  8 |   
(20 rows)

select * from t3 where b is  NULL or c is NULL;
 a  | b  | c  
----+----+----
  1 |    |  1
  2 |    |  2
  3 |    |  3
  4 |    |  4
  5 |    |  5
  6 |    |  6
  7 |    |  7
  8 |    |  8
  9 |    |  9
 10 |    | 10
  1 |  1 |   
  2 |  2 |   
  3 |  3 |   
  4 |  4 |   
  5 |  5 |   
  6 |  6 |   
  7 |  7 |   
  8 |  8 |   
  9 |  9 |   
 10 | 10 |   
(20 rows)

select * from t3 where b is  NOT NULL or c is NOT NULL;
 a  | b  | c  
----+----+----
  1 |    |  1
  2 |    |  2
  3 |    |  3
  4 |    |  4
  5 |    |  5
  6 |    |  6
  7 |    |  7
  8 |    |  8
  9 |    |  9
 10 |    | 10
  1 |  1 |   
  2 |  2 |   
  3 |  3 |   
  4 |  4 |   
  5 |  5 |   
  6 |  6 |   
  7 |  7 |   
  8 |  8 |   
  9 |  9 |   
 10 | 10 |   
(20 rows)

select * from t1 where b is  NULL  and a > 5;
 a  | b | c  
----+---+----
  6 |   |  6
  9 |   |  9
 10 |   | 10
  7 |   |  7
  8 |   |  8
(5 rows)

select * from t2 where b is  NULL  and a > 5;
 a  | b | c  
----+---+----
  6 |   |  6
  8 |   |  8
  9 |   |  9
 10 |   | 10
  7 |   |  7
(5 rows)

select * from t3 where b is  NULL  and a > 5;
 a  | b | c  
----+---+----
  6 |   |  6
  7 |   |  7
  8 |   |  8
  9 |   |  9
 10 |   | 10
(5 rows)

-- drop table
DROP TABLE if EXISTS t1;
DROP TABLE if EXISTS t2;
DROP TABLE if EXISTS t3;
