DROP TABLE IF EXISTS trow;
DROP
DROP TABLE IF EXISTS tagg;
DROP
DROP TABLE IF EXISTS tnulls;
DROP
DROP TABLE IF EXISTS tempty;
DROP
