DROP SCHEMA IF EXISTS synctab CASCADE;
NOTICE:  schema "synctab" does not exist, skipping
DROP SCHEMA IF EXISTS syncdb CASCADE;
NOTICE:  schema "syncdb" does not exist, skipping
CREATE SCHEMA synctab;
CREATE SCHEMA syncdb;
DROP USER MAPPING IF EXISTS FOR CURRENT_USER SERVER hive_server;
NOTICE:  server "hive_server" does not exist, skipping
DROP SERVER IF EXISTS hive_server;
NOTICE:  server "hive_server" does not exist, skipping
set vector.enable_vectorization=off;
SET datestyle = ISO, MDY;
SELECT public.create_foreign_server('hive_server', 'gpadmin', 'datalake_fdw', 'paa_cluster');
 create_foreign_server 
-----------------------
 t
(1 row)

SELECT public.sync_hive_table('hive_cluster','mytestdb','test_table1','paa_cluster', 'synctab.test_table1', 'hive_server');
NOTICE:  foreign table "test_table1" does not exist, skipping
 sync_hive_table 
-----------------
 t
(1 row)

SELECT count(*) FROM synctab.test_table1;
 count 
-------
   500
(1 row)

SELECT public.sync_hive_table('hive_cluster','mytestdb','transactional_orc','paa_cluster', 'synctab.transactional_orc', 'hive_server');
 sync_hive_table 
-----------------
 t
(1 row)

SELECT * FROM synctab.transactional_orc;
 a | b | c | d | e | f | g |          h          |     i      |          j           | k |       l       
---+---+---+---+---+---+---+---------------------+------------+----------------------+---+---------------
 1 | 1 | 1 | 1 | 1 | 1 | 1 | 2020-01-01 01:01:01 | 2020-01-01 | 1                    | 1 | 10.0100000000
 2 | 2 | 2 | 2 | 2 | 2 | 2 | 2020-02-02 02:02:02 | 2020-02-01 | 2                    | 2 | 11.0100000000
 3 | 3 | 3 | 3 | 3 | 3 | 3 | 2020-03-03 03:03:03 | 2020-03-01 | 3                    | 3 | 12.0100000000
 4 | 4 | 4 | 4 | 4 | 4 | 4 | 2020-04-04 04:04:04 | 2020-04-01 | 4                    | 4 | 13.0100000000
 5 | 5 | 5 | 5 | 5 | 5 | 5 | 2020-05-05 05:05:05 | 2020-05-01 | 5                    | 5 | 14.0100000000
(5 rows)

SELECT public.sync_hive_table('hive_cluster','mytestdb','normal_orc','paa_cluster', 'synctab.normal_orc', 'hive_server');
 sync_hive_table 
-----------------
 t
(1 row)

SELECT * FROM synctab.normal_orc;
 a | b | c | d | e | f | g |          h          |     i      |          j           | k |       l       
---+---+---+---+---+---+---+---------------------+------------+----------------------+---+---------------
 1 | 1 | 1 | 1 | 1 | 1 | 1 | 2020-01-01 01:01:01 | 2020-01-01 | 1                    | 1 | 10.0100000000
 2 | 2 | 2 | 2 | 2 | 2 | 2 | 2020-02-02 02:02:02 | 2020-02-01 | 2                    | 2 | 11.0100000000
 3 | 3 | 3 | 3 | 3 | 3 | 3 | 2020-03-03 03:03:03 | 2020-03-01 | 3                    | 3 | 12.0100000000
 4 | 4 | 4 | 4 | 4 | 4 | 4 | 2020-04-04 04:04:04 | 2020-04-01 | 4                    | 4 | 13.0100000000
 5 | 5 | 5 | 5 | 5 | 5 | 5 | 2020-05-05 05:05:05 | 2020-05-01 | 5                    | 5 | 14.0100000000
(5 rows)

SELECT public.sync_hive_table('hive_cluster','mytestdb','partition_orc_1','paa_cluster', 'synctab.partition_orc_1', 'hive_server');
 sync_hive_table 
-----------------
 t
(1 row)

SELECT * FROM synctab.partition_orc_1;
 a | b | c | d | e | f | g |          h          |     i      |          j           | k |       l       | m 
---+---+---+---+---+---+---+---------------------+------------+----------------------+---+---------------+---
 1 | 1 | 1 | 1 | 1 | 1 | 1 | 2020-01-01 01:01:01 | 2020-01-01 | 1                    | 1 | 10.0100000000 | 1
 2 | 2 | 2 | 2 | 2 | 2 | 2 | 2020-02-02 02:02:02 | 2020-02-01 | 2                    | 2 | 11.0100000000 | 2
 3 | 3 | 3 | 3 | 3 | 3 | 3 | 2020-03-03 03:03:03 | 2020-03-01 | 3                    | 3 | 12.0100000000 | 3
 4 | 4 | 4 | 4 | 4 | 4 | 4 | 2020-04-04 04:04:04 | 2020-04-01 | 4                    | 4 | 13.0100000000 | 4
 5 | 5 | 5 | 5 | 5 | 5 | 5 | 2020-05-05 05:05:05 | 2020-05-01 | 5                    | 5 | 14.0100000000 | 5
(5 rows)

SELECT public.sync_hive_table('hive_cluster','mytestdb','partition_orc_2','paa_cluster', 'synctab.partition_orc_2', 'hive_server');
 sync_hive_table 
-----------------
 t
(1 row)

SELECT * FROM synctab.partition_orc_2;
 a | b | c | d | e | f | g |          h          |     i      |          j           | k |       l       | m | n 
---+---+---+---+---+---+---+---------------------+------------+----------------------+---+---------------+---+---
 1 | 1 | 1 | 1 | 1 | 1 | 1 | 2020-01-01 01:01:01 | 2020-01-01 | 1                    | 1 | 10.0100000000 | 1 | 1
 2 | 2 | 2 | 2 | 2 | 2 | 2 | 2020-02-02 02:02:02 | 2020-02-01 | 2                    | 2 | 11.0100000000 | 2 | 2
 3 | 3 | 3 | 3 | 3 | 3 | 3 | 2020-03-03 03:03:03 | 2020-03-01 | 3                    | 3 | 12.0100000000 | 3 | 3
 4 | 4 | 4 | 4 | 4 | 4 | 4 | 2020-04-04 04:04:04 | 2020-04-01 | 4                    | 4 | 13.0100000000 | 4 | 4
 5 | 5 | 5 | 5 | 5 | 5 | 5 | 2020-05-05 05:05:05 | 2020-05-01 | 5                    | 5 | 14.0100000000 | 5 | 5
(5 rows)

SELECT public.sync_hive_table('hive_cluster','mytestdb','partition_orc_3','paa_cluster', 'synctab.partition_orc_3', 'hive_server');
 sync_hive_table 
-----------------
 t
(1 row)

SELECT * FROM synctab.partition_orc_3;
 a | b | c | d | e | f | g |          h          |     i      |          j           | k |       l       | m | n |     o      
---+---+---+---+---+---+---+---------------------+------------+----------------------+---+---------------+---+---+------------
 1 | 1 | 1 | 1 | 1 | 1 | 1 | 2020-01-01 01:01:01 | 2020-01-01 | 1                    | 1 | 10.0100000000 | 1 | 1 | 2020-01-01
 2 | 2 | 2 | 2 | 2 | 2 | 2 | 2020-02-02 02:02:02 | 2020-02-01 | 2                    | 2 | 11.0100000000 | 2 | 2 | 2020-02-01
 3 | 3 | 3 | 3 | 3 | 3 | 3 | 2020-03-03 03:03:03 | 2020-03-01 | 3                    | 3 | 12.0100000000 | 3 | 3 | 2020-03-01
 4 | 4 | 4 | 4 | 4 | 4 | 4 | 2020-04-04 04:04:04 | 2020-04-01 | 4                    | 4 | 13.0100000000 | 4 | 4 | 2020-04-01
 5 | 5 | 5 | 5 | 5 | 5 | 5 | 2020-05-05 05:05:05 | 2020-05-01 | 5                    | 5 | 14.0100000000 | 5 | 5 | 2020-05-01
(5 rows)

SELECT public.sync_hive_table('hive_cluster','mytestdb','partition_orc_4','paa_cluster', 'synctab.partition_orc_4', 'hive_server');
 sync_hive_table 
-----------------
 t
(1 row)

SELECT count(*) FROM synctab.partition_orc_4;
 count 
-------
   500
(1 row)

SELECT public.sync_hive_table('hive_cluster','mytestdb','normal_parquet','paa_cluster', 'synctab.normal_parquet', 'hive_server');
 sync_hive_table 
-----------------
 t
(1 row)

SELECT * FROM synctab.normal_parquet;
 a | b | c | d | e | f | g |          h          |     i      | j | k |       l       
---+---+---+---+---+---+---+---------------------+------------+---+---+---------------
 1 | 1 | 1 | 1 | 1 | 1 | 1 | 2019-12-31 17:01:01 | 2020-01-01 | 1 | 1 | 10.0100000000
 2 | 2 | 2 | 2 | 2 | 2 | 2 | 2020-02-01 18:02:02 | 2020-02-01 | 2 | 2 | 11.0100000000
 3 | 3 | 3 | 3 | 3 | 3 | 3 | 2020-03-02 19:03:03 | 2020-03-01 | 3 | 3 | 12.0100000000
 4 | 4 | 4 | 4 | 4 | 4 | 4 | 2020-04-03 20:04:04 | 2020-04-01 | 4 | 4 | 13.0100000000
 5 | 5 | 5 | 5 | 5 | 5 | 5 | 2020-05-04 21:05:05 | 2020-05-01 | 5 | 5 | 14.0100000000
(5 rows)

SELECT public.sync_hive_table('hive_cluster','mytestdb','partition_parquet_1','paa_cluster', 'synctab.partition_parquet_1', 'hive_server');
 sync_hive_table 
-----------------
 t
(1 row)

SELECT * FROM synctab.partition_parquet_1;
 a | b | c | d | e | f | g |          h          |     i      | j | k |       l       | m 
---+---+---+---+---+---+---+---------------------+------------+---+---+---------------+---
 1 | 1 | 1 | 1 | 1 | 1 | 1 | 2019-12-31 17:01:01 | 2020-01-01 | 1 | 1 | 10.0100000000 | 1
 2 | 2 | 2 | 2 | 2 | 2 | 2 | 2020-02-01 18:02:02 | 2020-02-01 | 2 | 2 | 11.0100000000 | 2
 3 | 3 | 3 | 3 | 3 | 3 | 3 | 2020-03-02 19:03:03 | 2020-03-01 | 3 | 3 | 12.0100000000 | 3
 4 | 4 | 4 | 4 | 4 | 4 | 4 | 2020-04-03 20:04:04 | 2020-04-01 | 4 | 4 | 13.0100000000 | 4
 5 | 5 | 5 | 5 | 5 | 5 | 5 | 2020-05-04 21:05:05 | 2020-05-01 | 5 | 5 | 14.0100000000 | 5
(5 rows)

SELECT public.sync_hive_table('hive_cluster','mytestdb','partition_parquet_2','paa_cluster', 'synctab.partition_parquet_2', 'hive_server');
 sync_hive_table 
-----------------
 t
(1 row)

SELECT * FROM synctab.partition_parquet_2;
 a | b | c | d | e | f | g |          h          |     i      | j | k |       l       | m | n 
---+---+---+---+---+---+---+---------------------+------------+---+---+---------------+---+---
 1 | 1 | 1 | 1 | 1 | 1 | 1 | 2019-12-31 17:01:01 | 2020-01-01 | 1 | 1 | 10.0100000000 | 1 | 1
 2 | 2 | 2 | 2 | 2 | 2 | 2 | 2020-02-01 18:02:02 | 2020-02-01 | 2 | 2 | 11.0100000000 | 2 | 2
 3 | 3 | 3 | 3 | 3 | 3 | 3 | 2020-03-02 19:03:03 | 2020-03-01 | 3 | 3 | 12.0100000000 | 3 | 3
 4 | 4 | 4 | 4 | 4 | 4 | 4 | 2020-04-03 20:04:04 | 2020-04-01 | 4 | 4 | 13.0100000000 | 4 | 4
 5 | 5 | 5 | 5 | 5 | 5 | 5 | 2020-05-04 21:05:05 | 2020-05-01 | 5 | 5 | 14.0100000000 | 5 | 5
(5 rows)

SELECT public.sync_hive_table('hive_cluster','mytestdb','partition_parquet_3','paa_cluster', 'synctab.partition_parquet_3', 'hive_server');
 sync_hive_table 
-----------------
 t
(1 row)

SELECT * FROM synctab.partition_parquet_3;
 a | b | c | d | e | f | g |          h          |     i      | j | k |       l       | m | n |     o      
---+---+---+---+---+---+---+---------------------+------------+---+---+---------------+---+---+------------
 1 | 1 | 1 | 1 | 1 | 1 | 1 | 2019-12-31 17:01:01 | 2020-01-01 | 1 | 1 | 10.0100000000 | 1 | 1 | 2020-01-01
 2 | 2 | 2 | 2 | 2 | 2 | 2 | 2020-02-01 18:02:02 | 2020-02-01 | 2 | 2 | 11.0100000000 | 2 | 2 | 2020-02-01
 3 | 3 | 3 | 3 | 3 | 3 | 3 | 2020-03-02 19:03:03 | 2020-03-01 | 3 | 3 | 12.0100000000 | 3 | 3 | 2020-03-01
 4 | 4 | 4 | 4 | 4 | 4 | 4 | 2020-04-03 20:04:04 | 2020-04-01 | 4 | 4 | 13.0100000000 | 4 | 4 | 2020-04-01
 5 | 5 | 5 | 5 | 5 | 5 | 5 | 2020-05-04 21:05:05 | 2020-05-01 | 5 | 5 | 14.0100000000 | 5 | 5 | 2020-05-01
(5 rows)

SELECT public.sync_hive_table('hive_cluster','mytestdb','text_default','paa_cluster', 'synctab.text_default', 'hive_server');
 sync_hive_table 
-----------------
 t
(1 row)

SELECT * FROM synctab.text_default;
 a | b | c | d 
---+---+---+---
 1 | 1 | 1 | 1
 2 | 2 | 2 | 2
 3 | 3 | 3 | 3
 4 | 4 | 4 | 4
 5 | 5 | 5 | 5
(5 rows)

SELECT public.sync_hive_table('hive_cluster','mytestdb','text_custom','paa_cluster', 'synctab.text_custom', 'hive_server');
 sync_hive_table 
-----------------
 t
(1 row)

SELECT * FROM synctab.text_custom;
 a | b | c | d 
---+---+---+---
 1 | 1 | 1 | 
 2 | 2 |   | 2
 3 | 3 | 3 | 3
 4 |   | 4 | 4
 5 | 5 | 5 | 5
(5 rows)

SELECT public.sync_hive_table('hive_cluster','mytestdb','csv_default','paa_cluster', 'synctab.csv_default', 'hive_server');
 sync_hive_table 
-----------------
 t
(1 row)

SELECT * FROM synctab.csv_default;
 a | b | c | d 
---+---+---+---
 1 | 1 | 1 | 1
 2 | 2 | 2 | 
 3 | 3 | 3 | 3
 4 |   | 4 | 4
 5 | 5 | 5 | 5
(5 rows)

SELECT public.sync_hive_table('hive_cluster','mytestdb','csv_custom','paa_cluster', 'synctab.csv_custom', 'hive_server');
 sync_hive_table 
-----------------
 t
(1 row)

SELECT * FROM synctab.csv_custom;
 a | b | c | d 
---+---+---+---
 1 | 1 | 1 | 
 2 | 2 | 2 | 2
 3 |   | 3 | 3
 4 | 4 | 4 | 4
 5 | 5 | 5 | 5
(5 rows)

SELECT public.sync_hive_table('hive_cluster','mytestdb','empty_orc_transactional','paa_cluster', 'synctab.empty_orc_transactional', 'hive_server');
 sync_hive_table 
-----------------
 t
(1 row)

SELECT * FROM synctab.empty_orc_transactional;
 a | b | c | d | e | f | g | h | i | j | k | l 
---+---+---+---+---+---+---+---+---+---+---+---
(0 rows)

SELECT public.sync_hive_table('hive_cluster','mytestdb','empty_orc','paa_cluster', 'synctab.empty_orc', 'hive_server');
 sync_hive_table 
-----------------
 t
(1 row)

SELECT * FROM synctab.empty_orc;
 a | b | c | d | e | f | g | h | i | j | k | l 
---+---+---+---+---+---+---+---+---+---+---+---
(0 rows)

SELECT public.sync_hive_table('hive_cluster','mytestdb','empty_parquet','paa_cluster', 'synctab.empty_parquet', 'hive_server');
 sync_hive_table 
-----------------
 t
(1 row)

SELECT * FROM synctab.empty_parquet;
 a | b | c | d | e | f | g | h | i | j | k | l 
---+---+---+---+---+---+---+---+---+---+---+---
(0 rows)

SELECT public.sync_hive_table('hive_cluster','mytestdb','empty_orc_partition','paa_cluster', 'synctab.empty_orc_partition', 'hive_server');
 sync_hive_table 
-----------------
 t
(1 row)

SELECT * FROM synctab.empty_orc_partition;
 a | b | c | d | e | f | g | h | i | j | k | l | m | n | o 
---+---+---+---+---+---+---+---+---+---+---+---+---+---+---
(0 rows)

SELECT public.sync_hive_table('hive_cluster','mytestdb','empty_parquet_partition','paa_cluster', 'synctab.empty_parquet_partition', 'hive_server');
 sync_hive_table 
-----------------
 t
(1 row)

SELECT * FROM synctab.empty_parquet_partition;
 a | b | c | d | e | f | g | h | i | j | k | l | m | n | o 
---+---+---+---+---+---+---+---+---+---+---+---+---+---+---
(0 rows)

SELECT public.sync_hive_database('hive_cluster', 'mytestdb', 'paa_cluster', 'syncdb', 'hive_server');
 sync_hive_database 
--------------------
 t
(1 row)

SELECT count(*) FROM synctab.test_table1;
 count 
-------
   500
(1 row)

SELECT * FROM synctab.transactional_orc;
 a | b | c | d | e | f | g |          h          |     i      |          j           | k |       l       
---+---+---+---+---+---+---+---------------------+------------+----------------------+---+---------------
 5 | 5 | 5 | 5 | 5 | 5 | 5 | 2020-05-05 05:05:05 | 2020-05-01 | 5                    | 5 | 14.0100000000
 1 | 1 | 1 | 1 | 1 | 1 | 1 | 2020-01-01 01:01:01 | 2020-01-01 | 1                    | 1 | 10.0100000000
 2 | 2 | 2 | 2 | 2 | 2 | 2 | 2020-02-02 02:02:02 | 2020-02-01 | 2                    | 2 | 11.0100000000
 3 | 3 | 3 | 3 | 3 | 3 | 3 | 2020-03-03 03:03:03 | 2020-03-01 | 3                    | 3 | 12.0100000000
 4 | 4 | 4 | 4 | 4 | 4 | 4 | 2020-04-04 04:04:04 | 2020-04-01 | 4                    | 4 | 13.0100000000
(5 rows)

SELECT * FROM synctab.normal_orc;
 a | b | c | d | e | f | g |          h          |     i      |          j           | k |       l       
---+---+---+---+---+---+---+---------------------+------------+----------------------+---+---------------
 1 | 1 | 1 | 1 | 1 | 1 | 1 | 2020-01-01 01:01:01 | 2020-01-01 | 1                    | 1 | 10.0100000000
 2 | 2 | 2 | 2 | 2 | 2 | 2 | 2020-02-02 02:02:02 | 2020-02-01 | 2                    | 2 | 11.0100000000
 3 | 3 | 3 | 3 | 3 | 3 | 3 | 2020-03-03 03:03:03 | 2020-03-01 | 3                    | 3 | 12.0100000000
 4 | 4 | 4 | 4 | 4 | 4 | 4 | 2020-04-04 04:04:04 | 2020-04-01 | 4                    | 4 | 13.0100000000
 5 | 5 | 5 | 5 | 5 | 5 | 5 | 2020-05-05 05:05:05 | 2020-05-01 | 5                    | 5 | 14.0100000000
(5 rows)

SELECT * FROM synctab.partition_orc_1;
 a | b | c | d | e | f | g |          h          |     i      |          j           | k |       l       | m 
---+---+---+---+---+---+---+---------------------+------------+----------------------+---+---------------+---
 1 | 1 | 1 | 1 | 1 | 1 | 1 | 2020-01-01 01:01:01 | 2020-01-01 | 1                    | 1 | 10.0100000000 | 1
 2 | 2 | 2 | 2 | 2 | 2 | 2 | 2020-02-02 02:02:02 | 2020-02-01 | 2                    | 2 | 11.0100000000 | 2
 3 | 3 | 3 | 3 | 3 | 3 | 3 | 2020-03-03 03:03:03 | 2020-03-01 | 3                    | 3 | 12.0100000000 | 3
 4 | 4 | 4 | 4 | 4 | 4 | 4 | 2020-04-04 04:04:04 | 2020-04-01 | 4                    | 4 | 13.0100000000 | 4
 5 | 5 | 5 | 5 | 5 | 5 | 5 | 2020-05-05 05:05:05 | 2020-05-01 | 5                    | 5 | 14.0100000000 | 5
(5 rows)

SELECT * FROM synctab.partition_orc_2;
 a | b | c | d | e | f | g |          h          |     i      |          j           | k |       l       | m | n 
---+---+---+---+---+---+---+---------------------+------------+----------------------+---+---------------+---+---
 1 | 1 | 1 | 1 | 1 | 1 | 1 | 2020-01-01 01:01:01 | 2020-01-01 | 1                    | 1 | 10.0100000000 | 1 | 1
 2 | 2 | 2 | 2 | 2 | 2 | 2 | 2020-02-02 02:02:02 | 2020-02-01 | 2                    | 2 | 11.0100000000 | 2 | 2
 3 | 3 | 3 | 3 | 3 | 3 | 3 | 2020-03-03 03:03:03 | 2020-03-01 | 3                    | 3 | 12.0100000000 | 3 | 3
 4 | 4 | 4 | 4 | 4 | 4 | 4 | 2020-04-04 04:04:04 | 2020-04-01 | 4                    | 4 | 13.0100000000 | 4 | 4
 5 | 5 | 5 | 5 | 5 | 5 | 5 | 2020-05-05 05:05:05 | 2020-05-01 | 5                    | 5 | 14.0100000000 | 5 | 5
(5 rows)

SELECT * FROM synctab.partition_orc_3;
 a | b | c | d | e | f | g |          h          |     i      |          j           | k |       l       | m | n |     o      
---+---+---+---+---+---+---+---------------------+------------+----------------------+---+---------------+---+---+------------
 1 | 1 | 1 | 1 | 1 | 1 | 1 | 2020-01-01 01:01:01 | 2020-01-01 | 1                    | 1 | 10.0100000000 | 1 | 1 | 2020-01-01
 2 | 2 | 2 | 2 | 2 | 2 | 2 | 2020-02-02 02:02:02 | 2020-02-01 | 2                    | 2 | 11.0100000000 | 2 | 2 | 2020-02-01
 3 | 3 | 3 | 3 | 3 | 3 | 3 | 2020-03-03 03:03:03 | 2020-03-01 | 3                    | 3 | 12.0100000000 | 3 | 3 | 2020-03-01
 4 | 4 | 4 | 4 | 4 | 4 | 4 | 2020-04-04 04:04:04 | 2020-04-01 | 4                    | 4 | 13.0100000000 | 4 | 4 | 2020-04-01
 5 | 5 | 5 | 5 | 5 | 5 | 5 | 2020-05-05 05:05:05 | 2020-05-01 | 5                    | 5 | 14.0100000000 | 5 | 5 | 2020-05-01
(5 rows)

SELECT count(*) FROM synctab.partition_orc_4;
 count 
-------
   500
(1 row)

SELECT * FROM synctab.normal_parquet;
 a | b | c | d | e | f | g |          h          |     i      | j | k |       l       
---+---+---+---+---+---+---+---------------------+------------+---+---+---------------
 1 | 1 | 1 | 1 | 1 | 1 | 1 | 2019-12-31 17:01:01 | 2020-01-01 | 1 | 1 | 10.0100000000
 2 | 2 | 2 | 2 | 2 | 2 | 2 | 2020-02-01 18:02:02 | 2020-02-01 | 2 | 2 | 11.0100000000
 3 | 3 | 3 | 3 | 3 | 3 | 3 | 2020-03-02 19:03:03 | 2020-03-01 | 3 | 3 | 12.0100000000
 4 | 4 | 4 | 4 | 4 | 4 | 4 | 2020-04-03 20:04:04 | 2020-04-01 | 4 | 4 | 13.0100000000
 5 | 5 | 5 | 5 | 5 | 5 | 5 | 2020-05-04 21:05:05 | 2020-05-01 | 5 | 5 | 14.0100000000
(5 rows)

SELECT * FROM synctab.partition_parquet_1;
 a | b | c | d | e | f | g |          h          |     i      | j | k |       l       | m 
---+---+---+---+---+---+---+---------------------+------------+---+---+---------------+---
 1 | 1 | 1 | 1 | 1 | 1 | 1 | 2019-12-31 17:01:01 | 2020-01-01 | 1 | 1 | 10.0100000000 | 1
 2 | 2 | 2 | 2 | 2 | 2 | 2 | 2020-02-01 18:02:02 | 2020-02-01 | 2 | 2 | 11.0100000000 | 2
 3 | 3 | 3 | 3 | 3 | 3 | 3 | 2020-03-02 19:03:03 | 2020-03-01 | 3 | 3 | 12.0100000000 | 3
 4 | 4 | 4 | 4 | 4 | 4 | 4 | 2020-04-03 20:04:04 | 2020-04-01 | 4 | 4 | 13.0100000000 | 4
 5 | 5 | 5 | 5 | 5 | 5 | 5 | 2020-05-04 21:05:05 | 2020-05-01 | 5 | 5 | 14.0100000000 | 5
(5 rows)

SELECT * FROM synctab.partition_parquet_2;
 a | b | c | d | e | f | g |          h          |     i      | j | k |       l       | m | n 
---+---+---+---+---+---+---+---------------------+------------+---+---+---------------+---+---
 1 | 1 | 1 | 1 | 1 | 1 | 1 | 2019-12-31 17:01:01 | 2020-01-01 | 1 | 1 | 10.0100000000 | 1 | 1
 2 | 2 | 2 | 2 | 2 | 2 | 2 | 2020-02-01 18:02:02 | 2020-02-01 | 2 | 2 | 11.0100000000 | 2 | 2
 3 | 3 | 3 | 3 | 3 | 3 | 3 | 2020-03-02 19:03:03 | 2020-03-01 | 3 | 3 | 12.0100000000 | 3 | 3
 4 | 4 | 4 | 4 | 4 | 4 | 4 | 2020-04-03 20:04:04 | 2020-04-01 | 4 | 4 | 13.0100000000 | 4 | 4
 5 | 5 | 5 | 5 | 5 | 5 | 5 | 2020-05-04 21:05:05 | 2020-05-01 | 5 | 5 | 14.0100000000 | 5 | 5
(5 rows)

SELECT * FROM synctab.partition_parquet_3;
 a | b | c | d | e | f | g |          h          |     i      | j | k |       l       | m | n |     o      
---+---+---+---+---+---+---+---------------------+------------+---+---+---------------+---+---+------------
 1 | 1 | 1 | 1 | 1 | 1 | 1 | 2019-12-31 17:01:01 | 2020-01-01 | 1 | 1 | 10.0100000000 | 1 | 1 | 2020-01-01
 2 | 2 | 2 | 2 | 2 | 2 | 2 | 2020-02-01 18:02:02 | 2020-02-01 | 2 | 2 | 11.0100000000 | 2 | 2 | 2020-02-01
 3 | 3 | 3 | 3 | 3 | 3 | 3 | 2020-03-02 19:03:03 | 2020-03-01 | 3 | 3 | 12.0100000000 | 3 | 3 | 2020-03-01
 4 | 4 | 4 | 4 | 4 | 4 | 4 | 2020-04-03 20:04:04 | 2020-04-01 | 4 | 4 | 13.0100000000 | 4 | 4 | 2020-04-01
 5 | 5 | 5 | 5 | 5 | 5 | 5 | 2020-05-04 21:05:05 | 2020-05-01 | 5 | 5 | 14.0100000000 | 5 | 5 | 2020-05-01
(5 rows)

SELECT * FROM synctab.text_default;
 a | b | c | d 
---+---+---+---
 1 | 1 | 1 | 1
 2 | 2 | 2 | 2
 3 | 3 | 3 | 3
 4 | 4 | 4 | 4
 5 | 5 | 5 | 5
(5 rows)

SELECT * FROM synctab.text_custom;
 a | b | c | d 
---+---+---+---
 1 | 1 | 1 | 
 2 | 2 |   | 2
 3 | 3 | 3 | 3
 4 |   | 4 | 4
 5 | 5 | 5 | 5
(5 rows)

SELECT * FROM synctab.csv_default;
 a | b | c | d 
---+---+---+---
 1 | 1 | 1 | 1
 2 | 2 | 2 | 
 3 | 3 | 3 | 3
 4 |   | 4 | 4
 5 | 5 | 5 | 5
(5 rows)

SELECT * FROM synctab.csv_custom;
 a | b | c | d 
---+---+---+---
 1 | 1 | 1 | 
 2 | 2 | 2 | 2
 3 |   | 3 | 3
 4 | 4 | 4 | 4
 5 | 5 | 5 | 5
(5 rows)

SELECT * FROM synctab.empty_orc_transactional;
 a | b | c | d | e | f | g | h | i | j | k | l 
---+---+---+---+---+---+---+---+---+---+---+---
(0 rows)

SELECT * FROM synctab.empty_orc;
 a | b | c | d | e | f | g | h | i | j | k | l 
---+---+---+---+---+---+---+---+---+---+---+---
(0 rows)

SELECT * FROM synctab.empty_parquet;
 a | b | c | d | e | f | g | h | i | j | k | l 
---+---+---+---+---+---+---+---+---+---+---+---
(0 rows)

SELECT * FROM synctab.empty_orc_partition;
 a | b | c | d | e | f | g | h | i | j | k | l | m | n | o 
---+---+---+---+---+---+---+---+---+---+---+---+---+---+---
(0 rows)

SELECT * FROM synctab.empty_parquet_partition;
 a | b | c | d | e | f | g | h | i | j | k | l | m | n | o 
---+---+---+---+---+---+---+---+---+---+---+---+---+---+---
(0 rows)

